// Jest Snapshot v1, https://goo.gl/fbAQLP

exports[`serializer simple 1`] = `
<div>
  component
</div>
`;
